Microchip MPLAB XC8 Compiler V2.05 ()

Linker command line:

-W-3 --edf=/Applications/microchip/xc8/v2.05/pic/dat/en_msgs.txt -cs \
  -h+dist/default/debug/Test.X.debug.sym \
  --cmf=dist/default/debug/Test.X.debug.cmf -z -Q12F675 -o/tmp/xcmyUvao8 \
  --defsym=__MPLAB_BUILD=1 -Mdist/default/debug/Test.X.debug.map -E1 \
  -ver=XC8 --acfsm=1493 -ASTACK=020h-05Dh -pstack=STACK -ACODE=00h-03FEh \
  -ASTRCODE=00h-03FEh -ASTRING=00h-0FFhx3,0300h-03FEh \
  -ACONST=00h-0FFhx3,0300h-03FEh -AENTRY=00h-0FFhx3,0300h-03FEh \
  -ABANK0=020h-05Dh -ARAM=020h-05Dh -AABS1=020h-05Fh -ACOMMON=05Eh-05Fh \
  -ASFR0=00h-01Fh -ASFR1=080h-0DDh -preset_vec=00h,intentry,init,end_init \
  -ppowerup=CODE -pcinit=CODE -pfunctab=ENTRY -ACONFIG=02007h-02007h \
  -pconfig=CONFIG -DCONFIG=2 -AIDLOC=02000h-02003h -pidloc=IDLOC -DIDLOC=2 \
  -AEEDATA=00h-07Fh/02100h -peeprom_data=EEDATA -DEEDATA=2 -posccal=03FFh \
  -DCODE=2 -DSTRCODE=2 -DSTRING=2 -DCONST=2 -DENTRY=2 -k /tmp/xcEA3oy2B.o \
  dist/default/debug/Test.X.debug.o 

Object code version is 3.11

Machine type is 12F675



                Name                               Link     Load   Length Selector   Space Scale
/tmp/xcEA3oy2B.o
                end_init                              0        0        1        0       0
                config                             2007     2007        1     400E       0
dist/default/debug/Test.X.debug.o
                cinit                               3FD      3FD        2      7FA       0
                maintext                            3FC      3FC        1      7F8       0

TOTAL           Name                               Link     Load   Length     Space
        CLASS   STACK          

        CLASS   CODE           
                end_init                              0        0        1         0
                cinit                               3FD      3FD        2         0
                maintext                            3FC      3FC        1         0

        CLASS   STRCODE        

        CLASS   STRING         

        CLASS   CONST          

        CLASS   ENTRY          

        CLASS   BANK0          

        CLASS   RAM            

        CLASS   ABS1           
                abs_s1                               5E       5E        2         1

        CLASS   COMMON         

        CLASS   SFR0           

        CLASS   SFR1           

        CLASS   CONFIG         
                config                             2007     2007        1         0

        CLASS   IDLOC          

        CLASS   EEDATA         

        CLASS   BANK1          



SEGMENTS        Name                           Load    Length   Top    Selector   Space  Class     Delta

                maintext                       0003FC  000001  0003FD       7F8       0  CODE        2
                reset_vec                      000000  000001  000001         0       0  CODE        2
                cinit                          0003FD  000002  0003FF       7FA       0  CODE        2
                config                         002007  000001  002008      400E       0  CONFIG      2


UNUSED ADDRESS RANGES

        Name                Unused          Largest block    Delta
        BANK0            0020-005D             3E           1
        CODE             0001-03FB            3FB           2
        CONST            0001-03FB            100           2
        EEDATA           2100-217F             80           2
        ENTRY            0001-03FB            100           2
        IDLOC            2000-2003              4           2
        RAM              0020-005D             3E           1
        SFR0             0000-001F             20           1
        SFR1             0080-00DD             5E           1
        STACK            0020-005D             3E           1
        STRCODE          0001-03FB            3FB           2
        STRING           0001-03FB            100           2

                                  Symbol Table

__CFG_BOREN$ON           (abs)        0000
__CFG_CP$OFF             (abs)        0000
__CFG_CPD$OFF            (abs)        0000
__CFG_FOSC$EXTRCCLK      (abs)        0000
__CFG_MCLRE$ON           (abs)        0000
__CFG_PWRTE$OFF          (abs)        0000
__CFG_WDTE$ON            (abs)        0000
__Habs1                  abs1         07FE
__Hbank0                 bank0        07FE
__Hbank1                 bank1        07FE
__Hcinit                 cinit        03FF
__Hclrtext               clrtext      07FE
__Hcode                  code         07FE
__Hcommon                common       07FE
__Hconfig                config       2008
__HcstackBANK0           cstackBANK0  07FE
__HcstackCOMMON          cstackCOMMON 07FE
__Heeprom_data           eeprom_data  0000
__Hend_init              end_init     0001
__Hfunctab               functab      0000
__Hidloc                 idloc        0000
__Hinit                  init         0000
__Hintentry              intentry     0000
__Hmaintext              maintext     07FE
__Hosccal                osccal       03FF
__Hpowerup               powerup      0000
__Hram                   ram          07FE
__Hreset_vec             reset_vec    0000
__Hsfr0                  sfr0         07FE
__Hsfr1                  sfr1         07FE
__Hspace_0               (abs)        2008
__Hspace_1               (abs)        07FE
__Hspace_2               (abs)        0000
__Hspace_3               (abs)        0000
__Hstack                 stack        0000
__Hstrings               strings      07FE
__Htext                  text         07FE
__Labs1                  abs1         07FE
__Lbank0                 bank0        07FE
__Lbank1                 bank1        07FE
__Lcinit                 cinit        03FD
__Lclrtext               clrtext      07FE
__Lcode                  code         07FE
__Lcommon                common       07FE
__Lconfig                config       2007
__LcstackBANK0           cstackBANK0  07FE
__LcstackCOMMON          cstackCOMMON 07FE
__Leeprom_data           eeprom_data  0000
__Lend_init              end_init     0000
__Lfunctab               functab      0000
__Lidloc                 idloc        0000
__Linit                  init         0000
__Lintentry              intentry     0000
__Lmaintext              maintext     07FE
__Losccal                osccal       03FF
__Lpowerup               powerup      0000
__Lram                   ram          07FE
__Lreset_vec             reset_vec    0000
__Lsfr0                  sfr0         07FE
__Lsfr1                  sfr1         07FE
__Lspace_0               (abs)        0000
__Lspace_1               (abs)        0000
__Lspace_2               (abs)        0000
__Lspace_3               (abs)        0000
__Lstack                 stack        0000
__Lstrings               strings      07FE
__Ltext                  text         07FE
__S0                     (abs)        2008
__S1                     (abs)        0000
__S2                     (abs)        0000
__S3                     (abs)        0000
___int_sp                stack        0000
___latbits               (abs)        0000
___osccal_val            osccal       03FF
___sp                    stack        0000
___stackhi               (abs)        0000
___stacklo               (abs)        0000
__end_of__initialization cinit        03FD
__end_of_main            maintext     03FD
__initialization         cinit        03FD
__pcstackBANK0           cstackBANK0  0000
__pcstackCOMMON          cstackCOMMON 0000
__pmaintext              maintext     03FC
__size_of_main           (abs)        0000
_main                    maintext     03FC
btemp                    (abs)        005E
end_of_initialization    cinit        03FD
intlevel0                functab      0000
intlevel1                functab      0000
intlevel2                functab      0000
intlevel3                functab      0000
intlevel4                functab      0000
intlevel5                functab      0000
reset_vec                reset_vec    0000
start                    init         0000
start_initialization     cinit        03FD
wtemp0                   (abs)        005E


FUNCTION INFORMATION:

 *************** function _main *****************
 Defined at:
		line 27 in file "main.c"
 Parameters:    Size  Location     Type
		None
 Auto vars:     Size  Location     Type
		None
 Return value:  Size  Location     Type
                  1    wreg      void 
 Registers used:
		None
 Tracked objects:
		On entry : 
		On exit  : 
		Unchanged: 
 Data sizes:     COMMON   BANK0
      Params:         0       0
      Locals:         0       0
      Temps:          0       0
      Totals:         0       0
Total ram usage:        0 bytes
 This function calls:
		Nothing
 This function is called by:
		Startup code after reset
 This function uses a non-reentrant model



MODULE INFORMATION

Module		Function		Class		Link	Load	Size
shared
		__initialization		CODE           	03FD	0000	1

shared estimated size: 1

main.c
		_main          		CODE           	03FC	0000	2

main.c estimated size: 2

